// Jest Snapshot v1, https://goo.gl/fbAQLP

exports[`Logo should render snapshot 1`] = `
<div
  className="col-12 col-md-6 pointer-cursor"
>
  <img
    className="logo"
    onClick={[Function]}
    src="vodafone_logo.svg"
  />
</div>
`;
