// Jest Snapshot v1, https://goo.gl/fbAQLP

exports[`User should render snapshot 1`] = `
<div
  className="col-12 col-md-6 col-lg-4 text-center pt-2"
  onClick={[Function]}
>
  <div
    className="user-card"
  >
    <div
      className="header"
    >
      <h5
        className="col-12"
      >
        Test
      </h5>
    </div>
    <div>
      <p>
        test@email.com
      </p>
      <p>
        +3621854549
      </p>
    </div>
  </div>
</div>
`;
